###############################################################################
#
# IAR ELF Linker V2.20.1.176 for STM8                     04/Mar/2019  17:04:35
# Copyright 2010-2015 IAR Systems AB.
#
#    Output file  =  
#        H:\Code C STM8\Project\TramHanSTM8\EWSTM8\STM8S103\Exe\Project.out
#    Map file     =  
#        H:\Code C STM8\Project\TramHanSTM8\EWSTM8\STM8S103\List\Project.map
#    Command line =  
#        "H:\Code C STM8\Project\TramHanSTM8\EWSTM8\STM8S103\Obj\main.o"
#        "H:\Code C
#        STM8\Project\TramHanSTM8\EWSTM8\STM8S103\Obj\pid_controller.o"
#        "H:\Code C STM8\Project\TramHanSTM8\EWSTM8\STM8S103\Obj\stm8s_adc1.o"
#        "H:\Code C STM8\Project\TramHanSTM8\EWSTM8\STM8S103\Obj\stm8s_clk.o"
#        "H:\Code C STM8\Project\TramHanSTM8\EWSTM8\STM8S103\Obj\stm8s_exti.o"
#        "H:\Code C STM8\Project\TramHanSTM8\EWSTM8\STM8S103\Obj\stm8s_flash.o"
#        "H:\Code C STM8\Project\TramHanSTM8\EWSTM8\STM8S103\Obj\stm8s_gpio.o"
#        "H:\Code C STM8\Project\TramHanSTM8\EWSTM8\STM8S103\Obj\stm8s_it.o"
#        "H:\Code C STM8\Project\TramHanSTM8\EWSTM8\STM8S103\Obj\stm8s_itc.o"
#        "H:\Code C STM8\Project\TramHanSTM8\EWSTM8\STM8S103\Obj\stm8s_iwdg.o"
#        "H:\Code C STM8\Project\TramHanSTM8\EWSTM8\STM8S103\Obj\stm8s_rst.o"
#        "H:\Code C STM8\Project\TramHanSTM8\EWSTM8\STM8S103\Obj\stm8s_tim1.o"
#        "H:\Code C STM8\Project\TramHanSTM8\EWSTM8\STM8S103\Obj\stm8s_tim2.o"
#        "H:\Code C STM8\Project\TramHanSTM8\EWSTM8\STM8S103\Obj\stm8s_tim4.o"
#        "H:\Code C STM8\Project\TramHanSTM8\EWSTM8\STM8S103\Obj\stm8s_uart1.o"
#        "H:\Code C STM8\Project\TramHanSTM8\EWSTM8\STM8S103\Obj\stm8s_wwdg.o"
#        --redirect _Printf=_PrintfFullNoMb --redirect _Scanf=_ScanfFullNoMb -o
#        "H:\Code C STM8\Project\TramHanSTM8\EWSTM8\STM8S103\Exe\Project.out"
#        --map "H:\Code C
#        STM8\Project\TramHanSTM8\EWSTM8\STM8S103\List\Project.map" --config
#        "F:\Cai_Phan_Mem\IAR STM8S\stm8\config\lnkstm8s103k3.icf" --config_def
#        _CSTACK_SIZE=0x100 --config_def _HEAP_SIZE=0x100 --entry
#        __iar_program_start --debug_lib
#
###############################################################################

*******************************************************************************
*** RUNTIME MODEL ATTRIBUTES
***

__SystemLibrary            = DLib
__code_model               = small
__core                     = stm8
__data_model               = small
__dlib_file_descriptor     = 0
__dlib_full_locale_support = 0
__rt_version               = 4


*******************************************************************************
*** PLACEMENT SUMMARY
***

"A1":  place at start of [0x000000-0x0000ff] { rw section .vregs };
"P1":  place in [from 0x000000 to 0x0000ff] {
          rw section .tiny.bss, rw section .tiny.data, rw section .tiny.noinit,
          rw section .tiny.rodata };
"A2":  place at end of [0x000000-0x0003ff] { block CSTACK };
"A3":  place at start of [0x008000-0x009fff] { block INTVEC };
"P3":  place in [from 0x008000 to 0x009fff] {
          ro section __DLIB_PERTHREAD_init, ro section .far.data_init,
          ro section .far_func.textrw_init, ro section .huge.data_init,
          ro section .huge_func.textrw_init, ro section .iar.init_table,
          ro section .init_array, ro section .near.data_init,
          ro section .near.rodata, ro section .near_func.text,
          ro section .near_func.textrw_init, ro section .tiny.data_init,
          ro section .tiny.rodata_init };

  Section          Kind      Address    Size  Object
  -------          ----      -------    ----  ------
"A1":                                   0x10
  .vregs           uninit   0x000000    0x10  vregs.o [4]
                          - 0x000010    0x10

"P1":                                   0x57
  .tiny.bss        zero     0x000010    0x3a  main.o [1]
  .tiny.bss        zero     0x00004a     0x4  main.o [1]
  .tiny.bss        zero     0x00004e     0x4  main.o [1]
  .tiny.bss        zero     0x000052     0x2  main.o [1]
  .tiny.bss        zero     0x000054     0x2  main.o [1]
  .tiny.bss        zero     0x000056     0x2  main.o [1]
  .tiny.bss        zero     0x000058     0x2  main.o [1]
  .tiny.bss        zero     0x00005a     0x2  main.o [1]
  .tiny.bss        zero     0x00005c     0x2  main.o [1]
  .tiny.bss        zero     0x00005e     0x2  main.o [1]
  .tiny.bss        zero     0x000060     0x2  main.o [1]
  .tiny.bss        zero     0x000062     0x1  main.o [1]
  .tiny.bss        zero     0x000063     0x1  main.o [1]
  .tiny.bss        zero     0x000064     0x1  main.o [1]
  .tiny.bss        zero     0x000065     0x1  main.o [1]
  .tiny.bss        zero     0x000066     0x1  main.o [1]
                          - 0x000067    0x57

"A2":                                  0x100
  CSTACK                    0x000300   0x100  <Block>
    CSTACK         uninit   0x000300   0x100  <Block tail>
                          - 0x000400   0x100

"A3":                                   0x80
  INTVEC                    0x008000    0x80  <Block>
    .intvec        const    0x008000    0x80  interrupt.o [4]
                          - 0x008080    0x80

"P3":                                 0x1f30
  .near_func.text  ro code  0x008080   0x832  main.o [1]
  .near_func.text  ro code  0x0088b2   0x402  float.o [4]
  .near_func.text  ro code  0x008cb4   0x12c  vreg_util.o [4]
  .near_func.text  ro code  0x008de0   0x124  stm8s_adc1.o [1]
  .near_func.text  ro code  0x008f04    0xe3  stm8s_clk.o [1]
  .near_func.text  ro code  0x008fe7    0xdd  pid_controller.o [1]
  .near_func.text  ro code  0x0090c4    0xae  stm8s_gpio.o [1]
  .near_func.text  ro code  0x009172    0xa9  pid_controller.o [1]
  .near_func.text  ro code  0x00921b    0xa9  long.o [4]
  .near_func.text  ro code  0x0092c4    0xa9  long_util.o [4]
  .near_func.text  ro code  0x00936d    0xa6  stm8s_adc1.o [1]
  .near_func.text  ro code  0x009413    0x8c  stm8s_adc1.o [1]
  .near_func.text  ro code  0x00949f    0x86  pid_controller.o [1]
  .near_func.text  ro code  0x009525    0x86  stm8s_exti.o [1]
  .near_func.text  ro code  0x0095ab    0x82  pid_controller.o [1]
  .near_func.text  ro code  0x00962d    0x61  stm8s_it.o [1]
  .near_func.text  ro code  0x00968e    0x61  short.o [4]
  .near_func.text  ro code  0x0096ef    0x57  stm8s_clk.o [1]
  .near_func.text  ro code  0x009746    0x44  stm8s_adc1.o [1]
  .near.rodata     const    0x00978a    0x42  stm8s_flash.o [1]
  .near.rodata     const    0x0097cc    0x41  stm8s_adc1.o [1]
  .near.rodata     const    0x00980d    0x41  stm8s_exti.o [1]
  .near.rodata     const    0x00984e    0x41  stm8s_gpio.o [1]
  .near.rodata     const    0x00988f    0x41  stm8s_tim2.o [1]
  .near.rodata     const    0x0098d0    0x41  stm8s_tim4.o [1]
  .near.rodata     const    0x009911    0x40  stm8s_clk.o [1]
  .near_func.text  ro code  0x009951    0x3d  stm8s_adc1.o [1]
  .near_func.text  ro code  0x00998e    0x3d  stm8s_tim2.o [1]
  .near_func.text  ro code  0x0099cb    0x3a  stm8s_tim4.o [1]
  .near_func.text  ro code  0x009a05    0x39  stm8s_adc1.o [1]
  .near_func.text  ro code  0x009a3e    0x38  stm8s_flash.o [1]
  .near_func.text  ro code  0x009a76    0x36  stm8s_clk.o [1]
  .near_func.text  ro code  0x009aac    0x35  stm8s_tim2.o [1]
  .near_func.text  ro code  0x009ae1    0x34  stm8s_tim4.o [1]
  .near_func.text  ro code  0x009b15    0x33  stm8s_flash.o [1]
  .near_func.text  ro code  0x009b48    0x30  stm8s_flash.o [1]
  .near_func.text  ro code  0x009b78    0x2f  stm8s_tim4.o [1]
  .near_func.text  ro code  0x009ba7    0x2c  main.o [1]
  .near_func.text  ro code  0x009bd3    0x26  dc_util.o [4]
  .near_func.text  ro code  0x009bf9    0x24  stm8s_flash.o [1]
  .near_func.text  ro code  0x009c1d    0x24  stm8s_tim2.o [1]
  .near_func.text  ro code  0x009c41    0x23  stm8s_flash.o [1]
  .iar.init_table  const    0x009c64     0x8  - Linker created -
  .near_func.text  ro code  0x009c6c    0x20  stm8s_flash.o [1]
  .near_func.text  ro code  0x009c8c    0x1f  stm8s_flash.o [1]
  .near_func.text  ro code  0x009cab    0x1e  init_small.o [4]
  .near_func.text  ro code  0x009cc9    0x1c  main.o [1]
  .near_func.text  ro code  0x009ce5    0x1c  stm8s_tim2.o [1]
  .near_func.text  ro code  0x009d01    0x1b  stm8s_flash.o [1]
  .near_func.text  ro code  0x009d1c    0x19  stm8s_tim4.o [1]
  .near_func.text  ro code  0x009d35    0x19  stm8s_tim4.o [1]
  .near_func.text  ro code  0x009d4e    0x18  stm8s_flash.o [1]
  .near_func.text  ro code  0x009d66    0x17  init.o [4]
  .near_func.text  ro code  0x009d7d    0x16  stm8s_flash.o [1]
  .near_func.text  ro code  0x009d93    0x16  stm8s_tim2.o [1]
  .near_func.text  ro code  0x009da9    0x16  stm8s_tim4.o [1]
  .near_func.text  ro code  0x009dbf    0x14  __dbg_xxexit.o [3]
  .near_func.text  ro code  0x009dd3    0x13  stm8s_it.o [1]
  .near_func.text  ro code  0x009de6    0x13  stm8s_it.o [1]
  .near_func.text  ro code  0x009df9    0x13  stm8s_it.o [1]
  .near_func.text  ro code  0x009e0c    0x13  cstartup.o [4]
  .near_func.text  ro code  0x009e1f    0x10  stm8s_flash.o [1]
  .near_func.text  ro code  0x009e2f    0x10  stm8s_flash.o [1]
  .near_func.text  ro code  0x009e3f     0xe  stm8s_flash.o [1]
  .near_func.text  ro code  0x009e4d     0xe  stm8s_flash.o [1]
  .near_func.text  ro code  0x009e5b     0xc  pid_controller.o [1]
  .near_func.text  ro code  0x009e67     0xb  stm8s_adc1.o [1]
  .near_func.text  ro code  0x009e72     0xb  stm8s_clk.o [1]
  .near_func.text  ro code  0x009e7d     0xb  stm8s_clk.o [1]
  .near_func.text  ro code  0x009e88     0xb  stm8s_exti.o [1]
  .near_func.text  ro code  0x009e93     0xb  stm8s_flash.o [1]
  .near_func.text  ro code  0x009e9e     0xb  stm8s_gpio.o [1]
  .near_func.text  ro code  0x009ea9     0xb  stm8s_tim2.o [1]
  .near_func.text  ro code  0x009eb4     0xb  stm8s_tim4.o [1]
  .near_func.text  ro code  0x009ebf     0xb  abs.o [4]
  .near_func.text  ro code  0x009eca     0xa  pid_controller.o [1]
  .near_func.text  ro code  0x009ed4     0x9  stm8s_exti.o [1]
  .near_func.text  ro code  0x009edd     0x9  stm8s_exti.o [1]
  .near_func.text  ro code  0x009ee6     0x9  stm8s_flash.o [1]
  .near_func.text  ro code  0x009eef     0x9  stm8s_flash.o [1]
  .near_func.text  ro code  0x009ef8     0x9  stm8s_tim2.o [1]
  .near_func.text  ro code  0x009f01     0x8  pid_controller.o [1]
  .near_func.text  ro code  0x009f09     0x8  pid_controller.o [1]
  .near_func.text  ro code  0x009f11     0x8  stm8s_adc1.o [1]
  .near_func.text  ro code  0x009f19     0x8  stm8s_it.o [1]
  .near_func.text  ro code  0x009f21     0x7  pid_controller.o [1]
  .near_func.text  ro code  0x009f28     0x7  stm8s_adc1.o [1]
  .near_func.text  ro code  0x009f2f     0x7  stm8s_adc1.o [1]
  .near_func.text  ro code  0x009f36     0x7  stm8s_gpio.o [1]
  .near_func.text  ro code  0x009f3d     0x7  stm8s_gpio.o [1]
  .near_func.text  ro code  0x009f44     0x7  stm8s_it.o [1]
  .near_func.text  ro code  0x009f4b     0x7  stm8s_tim2.o [1]
  .near_func.text  ro code  0x009f52     0x6  pid_controller.o [1]
  .near_func.text  ro code  0x009f58     0x6  pid_controller.o [1]
  .near_func.text  ro code  0x009f5e     0x6  pid_controller.o [1]
  .near_func.text  ro code  0x009f64     0x6  stm8s_flash.o [1]
  .near_func.text  ro code  0x009f6a     0x6  stm8s_flash.o [1]
  .near_func.text  ro code  0x009f70     0x6  stm8s_tim2.o [1]
  .near_func.text  ro code  0x009f76     0x6  char.o [4]
  .near_func.text  ro code  0x009f7c     0x5  stm8s_adc1.o [1]
  .near_func.text  ro code  0x009f81     0x5  cexit.o [4]
  .near_func.text  ro code  0x009f86     0x4  pid_controller.o [1]
  .near_func.text  ro code  0x009f8a     0x4  stm8s_gpio.o [1]
  .near_func.text  ro code  0x009f8e     0x3  stm8s_gpio.o [1]
  .near_func.text  ro code  0x009f91     0x3  interrupt.o [4]
  .near_func.text  ro code  0x009f94     0x3  low_level_init.o [4]
  .near_func.text  ro code  0x009f97     0x3  exit.o [4]
  .near_func.text  ro code  0x009f9a     0x3  unhandled_exception.o [4]
  .near_func.text  ro code  0x009f9d     0x2  main.o [1]
  .near_func.text  ro code  0x009f9f     0x1  stm8s_it.o [1]
  .near_func.text  ro code  0x009fa0     0x1  stm8s_it.o [1]
  .near_func.text  ro code  0x009fa1     0x1  stm8s_it.o [1]
  .near_func.text  ro code  0x009fa2     0x1  stm8s_it.o [1]
  .near_func.text  ro code  0x009fa3     0x1  stm8s_it.o [1]
  .near_func.text  ro code  0x009fa4     0x1  stm8s_it.o [1]
  .near_func.text  ro code  0x009fa5     0x1  stm8s_it.o [1]
  .near_func.text  ro code  0x009fa6     0x1  stm8s_it.o [1]
  .near_func.text  ro code  0x009fa7     0x1  stm8s_it.o [1]
  .near_func.text  ro code  0x009fa8     0x1  stm8s_it.o [1]
  .near_func.text  ro code  0x009fa9     0x1  stm8s_it.o [1]
  .near_func.text  ro code  0x009faa     0x1  stm8s_it.o [1]
  .near_func.text  ro code  0x009fab     0x1  stm8s_it.o [1]
  .near_func.text  ro code  0x009fac     0x1  stm8s_it.o [1]
  .near_func.text  ro code  0x009fad     0x1  stm8s_it.o [1]
  .near_func.text  ro code  0x009fae     0x1  stm8s_it.o [1]
  .near_func.text  ro code  0x009faf     0x1  __dbg_break.o [3]
                          - 0x009fb0  0x1f30


*******************************************************************************
*** INIT TABLE
***

          Address   Size
          -------   ----
Zero (__iar_zero_init2)
    1 destination range, total size 0x57:
          0x000010  0x57



*******************************************************************************
*** MODULE SUMMARY
***

    Module                 ro code  ro data  rw data
    ------                 -------  -------  -------
H:\Code C STM8\Project\TramHanSTM8\EWSTM8\STM8S103\Obj: [1]
    main.o                   2 172                87
    pid_controller.o           721
    stm8s_adc1.o               822       65
    stm8s_clk.o                390       64
    stm8s_exti.o               163       65
    stm8s_flash.o              463       66
    stm8s_gpio.o               206       65
    stm8s_it.o                 185
    stm8s_tim2.o               233       65
    stm8s_tim4.o               240       65
    ------------------------------------------------
    Total:                   5 595      455       87

command line: [2]
    ------------------------------------------------
    Total:

dbgstm8ssd.a: [3]
    __dbg_break.o                1
    __dbg_xxexit.o              20
    ------------------------------------------------
    Total:                      21

dlstm8ssn.a: [4]
    abs.o                       11
    cexit.o                      5
    char.o                       6
    cstartup.o                  19
    dc_util.o                   38
    exit.o                       3
    float.o                  1 026
    init.o                      23
    init_small.o                30
    interrupt.o                  3      128
    long.o                     169
    long_util.o                169
    low_level_init.o             3
    short.o                     97
    unhandled_exception.o        3
    vreg_util.o                300
    vregs.o                                       16
    ------------------------------------------------
    Total:                   1 905      128       16

    Linker created                        8      256
----------------------------------------------------
    Grand Total:             7 521      591      359


*******************************************************************************
*** ENTRY LIST
***

Entry                    Address   Size  Type      Object
-----                    -------   ----  ----      ------
.iar.init_table$$Base   0x009c64          --   Gb  - Linker created -
.iar.init_table$$Limit  0x009c6c          --   Gb  - Linker created -
?add32_l0_l0_0x         0x00923c         Code  Gb  long.o [4]
?add32_l0_l0_dl         0x009234         Code  Gb  long.o [4]
?add32_l0_l0_l1         0x009239         Code  Gb  long.o [4]
?and16_x_x_dw           0x0096d5         Code  Gb  short.o [4]
?and16_x_x_w0           0x0096d8         Code  Gb  short.o [4]
?b0                     0x000000         Data  Gb  vregs.o [4]
?b1                     0x000001         Data  Gb  vregs.o [4]
?b10                    0x00000a         Data  Gb  vregs.o [4]
?b11                    0x00000b         Data  Gb  vregs.o [4]
?b12                    0x00000c         Data  Gb  vregs.o [4]
?b13                    0x00000d         Data  Gb  vregs.o [4]
?b14                    0x00000e         Data  Gb  vregs.o [4]
?b15                    0x00000f         Data  Gb  vregs.o [4]
?b2                     0x000002         Data  Gb  vregs.o [4]
?b3                     0x000003         Data  Gb  vregs.o [4]
?b4                     0x000004         Data  Gb  vregs.o [4]
?b5                     0x000005         Data  Gb  vregs.o [4]
?b6                     0x000006         Data  Gb  vregs.o [4]
?b7                     0x000007         Data  Gb  vregs.o [4]
?b8                     0x000008         Data  Gb  vregs.o [4]
?b9                     0x000009         Data  Gb  vregs.o [4]
?dc16_w0                0x009bd3         Code  Gb  dc_util.o [4]
?dc32_l1                0x009be1         Code  Gb  dc_util.o [4]
?dc32_px                0x009bee         Code  Gb  dc_util.o [4]
?dec32_0x_0x            0x009220         Code  Gb  long.o [4]
?dec32_l0_l0            0x00921b         Code  Gb  long.o [4]
?e0                     0x000001         Data  Gb  vregs.o [4]
?e1                     0x000005         Data  Gb  vregs.o [4]
?e2                     0x000009         Data  Gb  vregs.o [4]
?e3                     0x00000d         Data  Gb  vregs.o [4]
?epilogue_l2            0x008d4f         Code  Gb  vreg_util.o [4]
?epilogue_l2_l3         0x008d4c         Code  Gb  vreg_util.o [4]
?epilogue_l2_w6         0x008d53         Code  Gb  vreg_util.o [4]
?epilogue_w4            0x008d5a         Code  Gb  vreg_util.o [4]
?fadd32_l0_l0_0x        0x0088d5         Code  Gb  float.o [4]
?fadd32_l0_l0_l1        0x0088d8         Code  Gb  float.o [4]
?fcastf32s16_l0_x       0x008b61         Code  Gb  float.o [4]
?fcastf32u16_l0_x       0x008b68         Code  Gb  float.o [4]
?fcasts16f32_x_l0       0x008b86         Code  Gb  float.o [4]
?fcmpge32_c_l0_0x       0x008aff         Code  Gb  float.o [4]
?fcmpge32_c_l0_dc32     0x008af7         Code  Gb  float.o [4]
?fcmpge32_c_l0_l1       0x008afc         Code  Gb  float.o [4]
?fcmplt32_c_l0_0x       0x008b0b         Code  Gb  float.o [4]
?fcmplt32_c_l0_dc32     0x008b03         Code  Gb  float.o [4]
?fcmplt32_c_l0_l1       0x008b08         Code  Gb  float.o [4]
?fdiv32_l0_l0_l1        0x008a49         Code  Gb  float.o [4]
?fmul32_l0_l0_0x        0x0089ab         Code  Gb  float.o [4]
?fmul32_l0_l0_dc32      0x0089a6         Code  Gb  float.o [4]
?fmul32_l0_l0_l1        0x0089ae         Code  Gb  float.o [4]
?fsub32_l0_l0_l1        0x0088cf         Code  Gb  float.o [4]
?l0                     0x000000         Data  Gb  vregs.o [4]
?l1                     0x000004         Data  Gb  vregs.o [4]
?l2                     0x000008         Data  Gb  vregs.o [4]
?l3                     0x00000c         Data  Gb  vregs.o [4]
?load32_0x_l0           0x009335         Code  Gb  long_util.o [4]
?load32_0x_l1           0x009343         Code  Gb  long_util.o [4]
?load32_0x_l2           0x009351         Code  Gb  long_util.o [4]
?load32_0x_l3           0x00935f         Code  Gb  long_util.o [4]
?load32_asp_l0          0x009329         Code  Gb  long_util.o [4]
?load32_dbsp_l0         0x009324         Code  Gb  long_util.o [4]
?load32_l0_0x           0x0092d4         Code  Gb  long_util.o [4]
?load32_l0_asp          0x0092c9         Code  Gb  long_util.o [4]
?load32_l0_dbsp         0x0092c4         Code  Gb  long_util.o [4]
?load32_l0_xsp          0x0092cb         Code  Gb  long_util.o [4]
?load32_l1_0x           0x0092f0         Code  Gb  long_util.o [4]
?load32_l1_asp          0x0092e5         Code  Gb  long_util.o [4]
?load32_l1_dbsp         0x0092e0         Code  Gb  long_util.o [4]
?load32_l1_xsp          0x0092e7         Code  Gb  long_util.o [4]
?load32_l2_0x           0x0092fc         Code  Gb  long_util.o [4]
?load32_l3_0x           0x009318         Code  Gb  long_util.o [4]
?load32_l3_asp          0x00930d         Code  Gb  long_util.o [4]
?load32_l3_dbsp         0x009308         Code  Gb  long_util.o [4]
?load32_l3_xsp          0x00930f         Code  Gb  long_util.o [4]
?load32_xsp_l0          0x00932b         Code  Gb  long_util.o [4]
?mov_e0_e1              0x008d61         Code  Gb  vreg_util.o [4]
?mov_e0_e2              0x008d6e         Code  Gb  vreg_util.o [4]
?mov_e0_e3              0x008d7b         Code  Gb  vreg_util.o [4]
?mov_e1_e2              0x008d88         Code  Gb  vreg_util.o [4]
?mov_e1_e3              0x008d95         Code  Gb  vreg_util.o [4]
?mov_e2_e0              0x008da2         Code  Gb  vreg_util.o [4]
?mov_e2_e1              0x008daf         Code  Gb  vreg_util.o [4]
?mov_e3_e0              0x008dbc         Code  Gb  vreg_util.o [4]
?mov_e3_e1              0x008dc9         Code  Gb  vreg_util.o [4]
?mov_e3_e2              0x008dd6         Code  Gb  vreg_util.o [4]
?mov_l0_l1              0x008d5e         Code  Gb  vreg_util.o [4]
?mov_l0_l2              0x008d6b         Code  Gb  vreg_util.o [4]
?mov_l0_l3              0x008d78         Code  Gb  vreg_util.o [4]
?mov_l1_l2              0x008d85         Code  Gb  vreg_util.o [4]
?mov_l1_l3              0x008d92         Code  Gb  vreg_util.o [4]
?mov_l2_l0              0x008d9f         Code  Gb  vreg_util.o [4]
?mov_l2_l1              0x008dac         Code  Gb  vreg_util.o [4]
?mov_l3_l0              0x008db9         Code  Gb  vreg_util.o [4]
?mov_l3_l1              0x008dc6         Code  Gb  vreg_util.o [4]
?mov_l3_l2              0x008dd3         Code  Gb  vreg_util.o [4]
?mov_w1_w3              0x008d64         Code  Gb  vreg_util.o [4]
?mov_w1_w5              0x008d71         Code  Gb  vreg_util.o [4]
?mov_w1_w7              0x008d7e         Code  Gb  vreg_util.o [4]
?mov_w3_w5              0x008d8b         Code  Gb  vreg_util.o [4]
?mov_w3_w7              0x008d98         Code  Gb  vreg_util.o [4]
?mov_w5_w1              0x008da5         Code  Gb  vreg_util.o [4]
?mov_w5_w3              0x008db2         Code  Gb  vreg_util.o [4]
?mov_w7_w1              0x008dbf         Code  Gb  vreg_util.o [4]
?mov_w7_w3              0x008dcc         Code  Gb  vreg_util.o [4]
?mov_w7_w5              0x008dd9         Code  Gb  vreg_util.o [4]
?mul16_x_x_w0           0x00968e         Code  Gb  short.o [4]
?pop_l0                 0x008d18         Code  Gb  vreg_util.o [4]
?pop_l1                 0x008d23         Code  Gb  vreg_util.o [4]
?pop_l2                 0x008d2e         Code  Gb  vreg_util.o [4]
?pop_l3                 0x008d39         Code  Gb  vreg_util.o [4]
?pop_w4                 0x008cd1         Code  Gb  vreg_util.o [4]
?pop_w6                 0x008cd8         Code  Gb  vreg_util.o [4]
?push_l0                0x008ce7         Code  Gb  vreg_util.o [4]
?push_l1                0x008cec         Code  Gb  vreg_util.o [4]
?push_l2                0x008cf1         Code  Gb  vreg_util.o [4]
?push_l3                0x008cf6         Code  Gb  vreg_util.o [4]
?push_w4                0x008cb4         Code  Gb  vreg_util.o [4]
?push_w6                0x008cb9         Code  Gb  vreg_util.o [4]
?sdiv16_x_x_y           0x0096ac         Code  Gb  short.o [4]
?sll16_x_x_4            0x0096ea         Code  Gb  short.o [4]
?sll16_x_x_5            0x0096e9         Code  Gb  short.o [4]
?sll16_x_x_6            0x0096e8         Code  Gb  short.o [4]
?sll16_x_x_a            0x0096e0         Code  Gb  short.o [4]
?sll8_a_a_5             0x009f77         Code  Gb  char.o [4]
?sll8_a_a_6             0x009f76         Code  Gb  char.o [4]
?smod16_y_x_y           0x0096c5         Code  Gb  short.o [4]
?udiv32_l0_l0_dl        0x009254         Code  Gb  long.o [4]
?udiv32_l0_l0_l1        0x009257         Code  Gb  long.o [4]
?umod32_l1_l0_l1        0x009257         Code  Gb  long.o [4]
?w0                     0x000000         Data  Gb  vregs.o [4]
?w1                     0x000002         Data  Gb  vregs.o [4]
?w2                     0x000004         Data  Gb  vregs.o [4]
?w3                     0x000006         Data  Gb  vregs.o [4]
?w4                     0x000008         Data  Gb  vregs.o [4]
?w5                     0x00000a         Data  Gb  vregs.o [4]
?w6                     0x00000c         Data  Gb  vregs.o [4]
?w7                     0x00000e         Data  Gb  vregs.o [4]
ADC1_ConversionConfig   0x009413   0x8c  Code  Gb  stm8s_adc1.o [1]
ADC1_ExternalTriggerConfig
                        0x009746   0x44  Code  Gb  stm8s_adc1.o [1]
ADC1_GetConversionValue
                        0x009a05   0x39  Code  Gb  stm8s_adc1.o [1]
ADC1_IRQHandler         0x009fad    0x1  Code  Gb  stm8s_it.o [1]
ADC1_Init               0x008de0  0x124  Code  Gb  stm8s_adc1.o [1]
ADC1_PrescalerConfig    0x009951   0x3d  Code  Gb  stm8s_adc1.o [1]
ADC1_SchmittTriggerConfig
                        0x00936d   0xa6  Code  Gb  stm8s_adc1.o [1]
ADC1_StartConversion    0x009f7c    0x5  Code  Gb  stm8s_adc1.o [1]
ADC_Config              0x0080a1   0x1f  Code  Lc  main.o [1]
AWU_IRQHandler          0x009fa1    0x1  Code  Gb  stm8s_it.o [1]
CLK_ClockSwitchConfig   0x008f04   0xe3  Code  Gb  stm8s_clk.o [1]
CLK_DeInit              0x009a76   0x36  Code  Gb  stm8s_clk.o [1]
CLK_IRQHandler          0x009fa2    0x1  Code  Gb  stm8s_it.o [1]
CLK_SYSCLKConfig        0x0096ef   0x57  Code  Gb  stm8s_clk.o [1]
CSTACK$$Base            0x000300          --   Gb  - Linker created -
CSTACK$$Limit           0x000400          --   Gb  - Linker created -
EEPROM_EEC_IRQHandler   0x009fae    0x1  Code  Gb  stm8s_it.o [1]
EXTI_PORTA_IRQHandler   0x009fa3    0x1  Code  Gb  stm8s_it.o [1]
EXTI_PORTB_IRQHandler   0x00962d   0x61  Code  Gb  stm8s_it.o [1]
EXTI_PORTC_IRQHandler   0x009fa4    0x1  Code  Gb  stm8s_it.o [1]
EXTI_PORTD_IRQHandler   0x009dd3   0x13  Code  Gb  stm8s_it.o [1]
EXTI_PORTE_IRQHandler   0x009fa5    0x1  Code  Gb  stm8s_it.o [1]
EXTI_SetExtIntSensitivity
                        0x009525   0x86  Code  Gb  stm8s_exti.o [1]
FLASH_DeInit            0x009d4e   0x18  Code  Gb  stm8s_flash.o [1]
FLASH_EraseByte         0x009bf9   0x24  Code  Gb  stm8s_flash.o [1]
FLASH_Lock              0x009c8c   0x1f  Code  Gb  stm8s_flash.o [1]
FLASH_ProgramByte       0x009b48   0x30  Code  Gb  stm8s_flash.o [1]
FLASH_ProgramOptionByte
                        0x009b15   0x33  Code  Gb  stm8s_flash.o [1]
FLASH_ReadByte          0x009c41   0x23  Code  Gb  stm8s_flash.o [1]
FLASH_ReadOptionByte    0x009a3e   0x38  Code  Gb  stm8s_flash.o [1]
FLASH_SetProgrammingTime
                        0x009d01   0x1b  Code  Gb  stm8s_flash.o [1]
FLASH_Unlock            0x009c6c   0x20  Code  Gb  stm8s_flash.o [1]
FLASH_WaitForLastOperation
                        0x009d7d   0x16  Code  Gb  stm8s_flash.o [1]
GPIO_Init               0x0090c4   0xae  Code  Gb  stm8s_gpio.o [1]
GPIO_ReadInputData      0x009f8e    0x3  Code  Gb  stm8s_gpio.o [1]
GPIO_WriteHigh          0x009f36    0x7  Code  Gb  stm8s_gpio.o [1]
GPIO_WriteLow           0x009f8a    0x4  Code  Gb  stm8s_gpio.o [1]
GPIO_WriteReverse       0x009f3d    0x7  Code  Gb  stm8s_gpio.o [1]
I2C_IRQHandler          0x009fac    0x1  Code  Gb  stm8s_it.o [1]
INTVEC$$Base            0x008000          --   Gb  - Linker created -
INTVEC$$Limit           0x008080          --   Gb  - Linker created -
OFF_Mode                0x00824e   0x2c  Code  Gb  main.o [1]
Option_Bytes_Configuration
                        0x008654   0x20  Code  Gb  main.o [1]
PIDCompute              0x008fe7   0xdd  Code  Gb  pid_controller.o [1]
PIDInit                 0x0095ab   0x82  Code  Gb  pid_controller.o [1]
PIDOutputLimitsSet      0x00949f   0x86  Code  Gb  pid_controller.o [1]
PIDTuningsSet           0x009172   0xa9  Code  Gb  pid_controller.o [1]
Region$$Table$$Base     0x009c64          --   Gb  - Linker created -
Region$$Table$$Limit    0x009c6c          --   Gb  - Linker created -
SPI_IRQHandler          0x009fa6    0x1  Code  Gb  stm8s_it.o [1]
Set_Heat                0x00855b   0x71  Code  Gb  main.o [1]
TIM1_CAP_COM_IRQHandler
                        0x009fa8    0x1  Code  Gb  stm8s_it.o [1]
TIM1_UPD_OVF_TRG_BRK_IRQHandler
                        0x009fa7    0x1  Code  Gb  stm8s_it.o [1]
TIM2_CAP_COM_IRQHandler
                        0x009fa9    0x1  Code  Gb  stm8s_it.o [1]
TIM2_ClearFlag          0x009c1d   0x24  Code  Gb  stm8s_tim2.o [1]
TIM2_ClearITPendingBit  0x009ce5   0x1c  Code  Gb  stm8s_tim2.o [1]
TIM2_Cmd                0x009d93   0x16  Code  Gb  stm8s_tim2.o [1]
TIM2_Config             0x0080c0   0x1c  Code  Lc  main.o [1]
TIM2_GetITStatus        0x00998e   0x3d  Code  Gb  stm8s_tim2.o [1]
TIM2_ITConfig           0x009aac   0x35  Code  Gb  stm8s_tim2.o [1]
TIM2_TimeBaseInit       0x009f4b    0x7  Code  Gb  stm8s_tim2.o [1]
TIM2_UPD_OVF_BRK_IRQHandler
                        0x009de6   0x13  Code  Gb  stm8s_it.o [1]
TIM4_ClearFlag          0x009d1c   0x19  Code  Gb  stm8s_tim4.o [1]
TIM4_ClearITPendingBit  0x009d35   0x19  Code  Gb  stm8s_tim4.o [1]
TIM4_Cmd                0x009da9   0x16  Code  Gb  stm8s_tim4.o [1]
TIM4_GetITStatus        0x009b78   0x2f  Code  Gb  stm8s_tim4.o [1]
TIM4_ITConfig           0x009ae1   0x34  Code  Gb  stm8s_tim4.o [1]
TIM4_TimeBaseInit       0x0099cb   0x3a  Code  Gb  stm8s_tim4.o [1]
TIM4_UPD_OVF_IRQHandler
                        0x009df9   0x13  Code  Gb  stm8s_it.o [1]
TLI_IRQHandler          0x009fa0    0x1  Code  Gb  stm8s_it.o [1]
TRAP_IRQHandler         0x009f9f    0x1  Code  Gb  stm8s_it.o [1]
UART1_RX_IRQHandler     0x009fab    0x1  Code  Gb  stm8s_it.o [1]
UART1_TX_IRQHandler     0x009faa    0x1  Code  Gb  stm8s_it.o [1]
__DebugBreak            0x009faf    0x1  Code  Gb  __dbg_break.o [3]
__exit                  0x009dbf   0x14  Code  Gb  __dbg_xxexit.o [3]
__iar_data_init2        0x009d66   0x17  Code  Gb  init.o [4]
__iar_program_start     0x009e0c         Code  Gb  cstartup.o [4]
__iar_unhandled_exception
                        0x009f9a         Code  Gb  unhandled_exception.o [4]
__iar_zero_init2        0x009cab         Code  Gb  init_small.o [4]
__intvec                0x008000         Data  Gb  interrupt.o [4]
__low_level_init        0x009f94    0x3  Code  Gb  low_level_init.o [4]
_exit                   0x009f81         Code  Gb  cexit.o [4]
_interrupt_1            0x009f9f         Code  Gb  stm8s_it.o [1]
_interrupt_12           0x009fa6         Code  Gb  stm8s_it.o [1]
_interrupt_13           0x009fa7         Code  Gb  stm8s_it.o [1]
_interrupt_14           0x009fa8         Code  Gb  stm8s_it.o [1]
_interrupt_15           0x009de6         Code  Gb  stm8s_it.o [1]
_interrupt_16           0x009fa9         Code  Gb  stm8s_it.o [1]
_interrupt_19           0x009faa         Code  Gb  stm8s_it.o [1]
_interrupt_2            0x009fa0         Code  Gb  stm8s_it.o [1]
_interrupt_20           0x009fab         Code  Gb  stm8s_it.o [1]
_interrupt_21           0x009fac         Code  Gb  stm8s_it.o [1]
_interrupt_24           0x009fad         Code  Gb  stm8s_it.o [1]
_interrupt_25           0x009df9         Code  Gb  stm8s_it.o [1]
_interrupt_26           0x009fae         Code  Gb  stm8s_it.o [1]
_interrupt_3            0x009fa1         Code  Gb  stm8s_it.o [1]
_interrupt_4            0x009fa2         Code  Gb  stm8s_it.o [1]
_interrupt_5            0x009fa3         Code  Gb  stm8s_it.o [1]
_interrupt_6            0x00962d         Code  Gb  stm8s_it.o [1]
_interrupt_7            0x009fa4         Code  Gb  stm8s_it.o [1]
_interrupt_8            0x009dd3         Code  Gb  stm8s_it.o [1]
_interrupt_9            0x009fa5         Code  Gb  stm8s_it.o [1]
abs                     0x009ebf    0xb  Code  Gb  abs.o [4]
assert_failed           0x009f9d    0x2  Code  Gb  main.o [1]
calib_value_b           0x00005c    0x2  Data  Gb  main.o [1]
check_calib             0x00852c   0x2f  Code  Gb  main.o [1]
check_encoder           0x000064    0x1  Data  Gb  main.o [1]
check_set_temp          0x000060    0x2  Data  Gb  main.o [1]
check_temp              0x00005a    0x2  Data  Gb  main.o [1]
check_time_out          0x00860e   0x2c  Code  Gb  main.o [1]
control_soldering       0x008674   0x5d  Code  Gb  main.o [1]
count                   0x000056    0x2  Data  Gb  main.o [1]
delay_isr               0x009ba7   0x2c  Code  Gb  main.o [1]
delay_ms                0x008080   0x18  Code  Gb  main.o [1]
delay_using_timer4_init
                        0x009cc9   0x1c  Code  Gb  main.o [1]
dem                     0x000062    0x1  Data  Gb  main.o [1]
exit                    0x009f97    0x3  Code  Gb  exit.o [4]
head_control            0x0085de   0x30  Code  Gb  main.o [1]
head_duty               0x000063    0x1  Data  Gb  main.o [1]
heat_sensor_float       0x00004e    0x4  Data  Gb  main.o [1]
hien_nhiet              0x000054    0x2  Data  Gb  main.o [1]
hien_thi_calib          0x008382   0x5a  Code  Gb  main.o [1]
hienthi                 0x00832e   0x37  Code  Gb  main.o [1]
main                    0x0086d1  0x18e  Code  Gb  main.o [1]
mode_calib              0x000065    0x1  Data  Gb  main.o [1]
off_mode                0x000066    0x1  Data  Gb  main.o [1]
pid                     0x000010   0x3a  Data  Gb  main.o [1]
quet_led                0x008110   0xd2  Code  Gb  main.o [1]
read_adc                0x0080dc   0x34  Code  Gb  main.o [1]
read_flash_calib        0x0084bc   0x49  Code  Gb  main.o [1]
read_flash_settemp      0x0082fb   0x33  Code  Gb  main.o [1]
read_head_sensor        0x000052    0x2  Data  Gb  main.o [1]
set_temp                0x000058    0x2  Data  Gb  main.o [1]
time_keeper             0x00004a    0x4  Data  Gb  main.o [1]
time_out                0x00005e    0x2  Data  Gb  main.o [1]
wirte_flash_settemp     0x0082b6   0x3a  Code  Gb  main.o [1]
writeflash_calib        0x008438   0x58  Code  Gb  main.o [1]


[1] = H:\Code C STM8\Project\TramHanSTM8\EWSTM8\STM8S103\Obj
[2] = command line
[3] = dbgstm8ssd.a
[4] = dlstm8ssn.a

  7 521 bytes of readonly  code memory
    591 bytes of readonly  data memory
    359 bytes of readwrite data memory

Errors: none
Warnings: none
